Import `add_integer`

>>> add_integer = __import__('0-add_integer').add_integer

>>> add_integer(4, "School")
Traceback (most recent call last):
  File "<stdin>", line 1, in <module>
  File "/root/alu-higher_level_programming/python-test_driven_development/0-add_integer.py", line 13, in add_integer
    raise TypeError('b must be an integer')
TypeError: b must be an integer

>>> add_integer("String", 6)
Traceback (most recent call last):
  File "<stdin>", line 1, in <module>
  File "/root/alu-higher_level_programming/python-test_driven_development/0-add_integer.py", line 11, in add_integer
    raise TypeError('a must be an integer')
TypeError: a must be an integer

>>> add_integer(None)
Traceback (most recent call last):
  File "<stdin>", line 1, in <module>
  File "/root/alu-higher_level_programming/python-test_driven_development/0-add_integer.py", line 11, in add_integer
    raise TypeError('a must be an integer')
TypeError: a must be an integer

>>> add_integer(4)
102

>>> add_integer(4, 5)
9
