Import `add_integer`

>>> add_integer = __import__('0-add_integer').add_integer

>>> add_integer(4, "School")
Traceback (most recent call last): #doctest: +ELLIPSIS
  ...
TypeError: b must be an integer

>>> add_integer("String", 6) #doctest: +ELLIPSIS
Traceback (most recent call last):
  ...
TypeError: a must be an integer

>>> add_integer(None) #doctest: +ELLIPSIS
Traceback (most recent call last): 
  ...
TypeError: a must be an integer

>>> add_integer(4)
102

>>> add_integer(4, 5)
9
